// Jest Snapshot v1, https://goo.gl/fbAQLP

exports[`renders correctly 1`] = `
Array [
  <h3>
     Zone Data
  </h3>,
  <div
    className="p-datatable p-component"
    id={null}
    style={null}
  >
    <div
      className="p-datatable-wrapper"
    >
      <table
        className={null}
        style={null}
      >
        <thead
          className="p-datatable-thead"
        >
          <tr>
            <th
              className=""
              colSpan={null}
              onClick={[Function]}
              onDragLeave={[Function]}
              onDragOver={[Function]}
              onDragStart={[Function]}
              onDrop={[Function]}
              onKeyDown={[Function]}
              onMouseDown={[Function]}
              rowSpan={4}
              style={
                Object {
                  "width": "120px",
                }
              }
              tabIndex={null}
            >
              <span
                className="p-column-title"
              >
                Zone
              </span>
            </th>
            <th
              className=""
              colSpan={3}
              onClick={[Function]}
              onDragLeave={[Function]}
              onDragOver={[Function]}
              onDragStart={[Function]}
              onDrop={[Function]}
              onKeyDown={[Function]}
              onMouseDown={[Function]}
              rowSpan={null}
              style={
                Object {
                  "backgroundColor": "#FFCA58",
                }
              }
              tabIndex={null}
            >
              <span
                className="p-column-title"
              >
                4AM - 9AM
              </span>
            </th>
            <th
              className=""
              colSpan={3}
              onClick={[Function]}
              onDragLeave={[Function]}
              onDragOver={[Function]}
              onDragStart={[Function]}
              onDrop={[Function]}
              onKeyDown={[Function]}
              onMouseDown={[Function]}
              rowSpan={null}
              style={
                Object {
                  "backgroundColor": "#6ba3e5",
                }
              }
              tabIndex={null}
            >
              <span
                className="p-column-title"
              >
                9AM-Noon
              </span>
            </th>
            <th
              className=""
              colSpan={3}
              onClick={[Function]}
              onDragLeave={[Function]}
              onDragOver={[Function]}
              onDragStart={[Function]}
              onDrop={[Function]}
              onKeyDown={[Function]}
              onMouseDown={[Function]}
              rowSpan={null}
              style={
                Object {
                  "backgroundColor": "#6ba3e5",
                }
              }
              tabIndex={null}
            >
              <span
                className="p-column-title"
              >
                Noon-3PM
              </span>
            </th>
            <th
              className=""
              colSpan={3}
              onClick={[Function]}
              onDragLeave={[Function]}
              onDragOver={[Function]}
              onDragStart={[Function]}
              onDrop={[Function]}
              onKeyDown={[Function]}
              onMouseDown={[Function]}
              rowSpan={null}
              style={
                Object {
                  "backgroundColor": "#6ba3e5",
                }
              }
              tabIndex={null}
            >
              <span
                className="p-column-title"
              >
                3PM-6PM
              </span>
            </th>
            <th
              className=""
              colSpan={3}
              onClick={[Function]}
              onDragLeave={[Function]}
              onDragOver={[Function]}
              onDragStart={[Function]}
              onDrop={[Function]}
              onKeyDown={[Function]}
              onMouseDown={[Function]}
              rowSpan={null}
              style={
                Object {
                  "backgroundColor": "#6ba3e5",
                }
              }
              tabIndex={null}
            >
              <span
                className="p-column-title"
              >
                6PM-9PM
              </span>
            </th>
            <th
              className=""
              colSpan={3}
              onClick={[Function]}
              onDragLeave={[Function]}
              onDragOver={[Function]}
              onDragStart={[Function]}
              onDrop={[Function]}
              onKeyDown={[Function]}
              onMouseDown={[Function]}
              rowSpan={null}
              style={
                Object {
                  "backgroundColor": "#FFCA58",
                }
              }
              tabIndex={null}
            >
              <span
                className="p-column-title"
              >
                9PM-4AM
              </span>
            </th>
          </tr>
          <tr>
            <th
              className=""
              colSpan={null}
              onClick={[Function]}
              onDragLeave={[Function]}
              onDragOver={[Function]}
              onDragStart={[Function]}
              onDrop={[Function]}
              onKeyDown={[Function]}
              onMouseDown={[Function]}
              rowSpan={null}
              style={null}
              tabIndex={null}
            >
              <span
                className="p-column-title"
              >
                Done
              </span>
            </th>
            <th
              className=""
              colSpan={null}
              onClick={[Function]}
              onDragLeave={[Function]}
              onDragOver={[Function]}
              onDragStart={[Function]}
              onDrop={[Function]}
              onKeyDown={[Function]}
              onMouseDown={[Function]}
              rowSpan={null}
              style={null}
              tabIndex={null}
            >
              <span
                className="p-column-title"
              >
                Failed
              </span>
            </th>
            <th
              className=""
              colSpan={null}
              onClick={[Function]}
              onDragLeave={[Function]}
              onDragOver={[Function]}
              onDragStart={[Function]}
              onDrop={[Function]}
              onKeyDown={[Function]}
              onMouseDown={[Function]}
              rowSpan={null}
              style={null}
              tabIndex={null}
            >
              <span
                className="p-column-title"
              >
                Sends
              </span>
            </th>
            <th
              className=""
              colSpan={null}
              onClick={[Function]}
              onDragLeave={[Function]}
              onDragOver={[Function]}
              onDragStart={[Function]}
              onDrop={[Function]}
              onKeyDown={[Function]}
              onMouseDown={[Function]}
              rowSpan={null}
              style={null}
              tabIndex={null}
            >
              <span
                className="p-column-title"
              >
                Done
              </span>
            </th>
            <th
              className=""
              colSpan={null}
              onClick={[Function]}
              onDragLeave={[Function]}
              onDragOver={[Function]}
              onDragStart={[Function]}
              onDrop={[Function]}
              onKeyDown={[Function]}
              onMouseDown={[Function]}
              rowSpan={null}
              style={null}
              tabIndex={null}
            >
              <span
                className="p-column-title"
              >
                Failed
              </span>
            </th>
            <th
              className=""
              colSpan={null}
              onClick={[Function]}
              onDragLeave={[Function]}
              onDragOver={[Function]}
              onDragStart={[Function]}
              onDrop={[Function]}
              onKeyDown={[Function]}
              onMouseDown={[Function]}
              rowSpan={null}
              style={null}
              tabIndex={null}
            >
              <span
                className="p-column-title"
              >
                Sends
              </span>
            </th>
            <th
              className=""
              colSpan={null}
              onClick={[Function]}
              onDragLeave={[Function]}
              onDragOver={[Function]}
              onDragStart={[Function]}
              onDrop={[Function]}
              onKeyDown={[Function]}
              onMouseDown={[Function]}
              rowSpan={null}
              style={null}
              tabIndex={null}
            >
              <span
                className="p-column-title"
              >
                Done
              </span>
            </th>
            <th
              className=""
              colSpan={null}
              onClick={[Function]}
              onDragLeave={[Function]}
              onDragOver={[Function]}
              onDragStart={[Function]}
              onDrop={[Function]}
              onKeyDown={[Function]}
              onMouseDown={[Function]}
              rowSpan={null}
              style={null}
              tabIndex={null}
            >
              <span
                className="p-column-title"
              >
                Failed
              </span>
            </th>
            <th
              className=""
              colSpan={null}
              onClick={[Function]}
              onDragLeave={[Function]}
              onDragOver={[Function]}
              onDragStart={[Function]}
              onDrop={[Function]}
              onKeyDown={[Function]}
              onMouseDown={[Function]}
              rowSpan={null}
              style={null}
              tabIndex={null}
            >
              <span
                className="p-column-title"
              >
                Sends
              </span>
            </th>
            <th
              className=""
              colSpan={null}
              onClick={[Function]}
              onDragLeave={[Function]}
              onDragOver={[Function]}
              onDragStart={[Function]}
              onDrop={[Function]}
              onKeyDown={[Function]}
              onMouseDown={[Function]}
              rowSpan={null}
              style={null}
              tabIndex={null}
            >
              <span
                className="p-column-title"
              >
                Done
              </span>
            </th>
            <th
              className=""
              colSpan={null}
              onClick={[Function]}
              onDragLeave={[Function]}
              onDragOver={[Function]}
              onDragStart={[Function]}
              onDrop={[Function]}
              onKeyDown={[Function]}
              onMouseDown={[Function]}
              rowSpan={null}
              style={null}
              tabIndex={null}
            >
              <span
                className="p-column-title"
              >
                Failed
              </span>
            </th>
            <th
              className=""
              colSpan={null}
              onClick={[Function]}
              onDragLeave={[Function]}
              onDragOver={[Function]}
              onDragStart={[Function]}
              onDrop={[Function]}
              onKeyDown={[Function]}
              onMouseDown={[Function]}
              rowSpan={null}
              style={null}
              tabIndex={null}
            >
              <span
                className="p-column-title"
              >
                Sends
              </span>
            </th>
            <th
              className=""
              colSpan={null}
              onClick={[Function]}
              onDragLeave={[Function]}
              onDragOver={[Function]}
              onDragStart={[Function]}
              onDrop={[Function]}
              onKeyDown={[Function]}
              onMouseDown={[Function]}
              rowSpan={null}
              style={null}
              tabIndex={null}
            >
              <span
                className="p-column-title"
              >
                Done
              </span>
            </th>
            <th
              className=""
              colSpan={null}
              onClick={[Function]}
              onDragLeave={[Function]}
              onDragOver={[Function]}
              onDragStart={[Function]}
              onDrop={[Function]}
              onKeyDown={[Function]}
              onMouseDown={[Function]}
              rowSpan={null}
              style={null}
              tabIndex={null}
            >
              <span
                className="p-column-title"
              >
                Failed
              </span>
            </th>
            <th
              className=""
              colSpan={null}
              onClick={[Function]}
              onDragLeave={[Function]}
              onDragOver={[Function]}
              onDragStart={[Function]}
              onDrop={[Function]}
              onKeyDown={[Function]}
              onMouseDown={[Function]}
              rowSpan={null}
              style={null}
              tabIndex={null}
            >
              <span
                className="p-column-title"
              >
                Sends
              </span>
            </th>
            <th
              className=""
              colSpan={null}
              onClick={[Function]}
              onDragLeave={[Function]}
              onDragOver={[Function]}
              onDragStart={[Function]}
              onDrop={[Function]}
              onKeyDown={[Function]}
              onMouseDown={[Function]}
              rowSpan={null}
              style={null}
              tabIndex={null}
            >
              <span
                className="p-column-title"
              >
                Done
              </span>
            </th>
            <th
              className=""
              colSpan={null}
              onClick={[Function]}
              onDragLeave={[Function]}
              onDragOver={[Function]}
              onDragStart={[Function]}
              onDrop={[Function]}
              onKeyDown={[Function]}
              onMouseDown={[Function]}
              rowSpan={null}
              style={null}
              tabIndex={null}
            >
              <span
                className="p-column-title"
              >
                Failed
              </span>
            </th>
            <th
              className=""
              colSpan={null}
              onClick={[Function]}
              onDragLeave={[Function]}
              onDragOver={[Function]}
              onDragStart={[Function]}
              onDrop={[Function]}
              onKeyDown={[Function]}
              onMouseDown={[Function]}
              rowSpan={null}
              style={null}
              tabIndex={null}
            >
              <span
                className="p-column-title"
              >
                Sends
              </span>
            </th>
          </tr>
        </thead>
        <tbody
          className="p-datatable-tbody"
        />
      </table>
    </div>
  </div>,
]
`;
