// Jest Snapshot v1, https://goo.gl/fbAQLP

exports[`renders DeliverySummary correctly 1`] = `
<div
  className="delivery-summary"
>
  <div
    className="row"
  >
    <div
      className="col-12"
    >
      <p
        className="delivery-summary-stats"
      >
        5
         / 
        9
      </p>
      <p
        className="delivery-summary-percentage"
      >
        56
        % Complete
      </p>
    </div>
    <div
      className="col-12"
    >
       Sucessful Deliveries Today 
    </div>
  </div>
</div>
`;
